// Jest Snapshot v1, https://goo.gl/fbAQLP

exports[`Verificacion del DOM 1`] = `Promise {}`;
